[thomasdigital.com/industry/hospitality-website-design.html]
[www.googleoptimize.com/optimize70fe.js]
[www.google-analytics.com/analytics68b3.js]
[backblue.gif]
[fade.gif]
[index.html]
[thomasdigital.com/wp-content/cache/autoptimize/css/autoptimize_9679041754ef554f127cdd4d4c88c997.css]
[thomasdigital.com/wp-includes/js/jquery/jquery.mina7a0.js]
[thomasdigital.com/wp-content/themes/TD_3.0/images/favicon/apple-touch-icon.png]
[thomasdigital.com/wp-content/themes/TD_3.0/images/favicon/favicon-32x32.png]
[thomasdigital.com/wp-content/themes/TD_3.0/images/favicon/favicon-16x16.png]
[thomasdigital.com/wp-content/uploads/2021/04/12.jpg]
[thomasdigital.com/wp-content/uploads/2020/07/Oars.jpg]
[thomasdigital.com/wp-content/uploads/2020/07/Four-Seasons.jpg]
[thomasdigital.com/wp-content/uploads/2020/07/Chataeu-De-Bardouly.jpg]
[thomasdigital.com/wp-content/uploads/2020/07/Vistablue-Singer-Island.jpg]
[thomasdigital.com/wp-content/uploads/2020/07/The-St.jpg]
[thomasdigital.com/wp-content/uploads/2020/07/The-Beekman.jpg]
[thomasdigital.com/wp-content/uploads/2020/07/The-Diligence-Company.jpg]
[thomasdigital.com/wp-content/uploads/2020/07/Hotel-Icon.jpg]
[thomasdigital.com/wp-content/uploads/2020/07/Mile-High.jpg]
[thomasdigital.com/wp-content/uploads/2020/07/Cafe-Rio.jpg]
[thomasdigital.com/wp-content/uploads/2020/07/Winegardner-_-Hammons.jpg]
[thomasdigital.com/wp-content/uploads/2020/07/Credo.jpg]
[thomasdigital.com/wp-content/uploads/2020/07/Gramercy-Park-Hotel.jpg]
[thomasdigital.com/wp-content/uploads/2020/07/Ibis-Bay-Resort.jpg]
[thomasdigital.com/wp-content/uploads/2020/07/Waldorf-Astoria.jpg]
[thomasdigital.com/wp-content/uploads/2020/07/Crystal-Group-Plaza.jpg]
[thomasdigital.com/wp-content/uploads/2020/07/New-Heights.jpg]
[thomasdigital.com/wp-content/uploads/2020/07/The-Vines.jpg]
[thomasdigital.com/wp-content/uploads/2020/07/Kasa-Indian-Eatery.jpg]
[thomasdigital.com/wp-content/uploads/2020/07/Chez-Boulay.jpg]
[thomasdigital.com/wp-content/uploads/2020/07/Hideout-Lodge.jpg]
[thomasdigital.com/wp-content/uploads/2020/07/Humboldt.jpg]
[thomasdigital.com/wp-content/uploads/2020/07/Arts-District-Kitchen.jpg]
[thomasdigital.com/wp-content/uploads/2020/07/Gourmet-House-Caviar.jpg]
[thomasdigital.com/wp-content/uploads/2020/07/The-Lodge-at-Woodloch.jpg]
[thomasdigital.com/wp-content/uploads/2020/07/The-Peninsula-Hotels.jpg]
[thomasdigital.com/wp-content/uploads/2020/07/La-Reserve.jpg]
[thomasdigital.com/wp-content/uploads/2020/07/The-White-Horse-Tavern.jpg]
[thomasdigital.com/wp-content/uploads/2020/07/Forte-Village-Resort.jpg]
[thomasdigital.com/wp-content/uploads/2020/07/Ditto-DC.jpg]
[thomasdigital.com/wp-content/uploads/2020/07/Mountain-Bike-Atlantic.jpg]
[thomasdigital.com/wp-content/uploads/2020/07/The-Jefferson.jpg]
[thomasdigital.com/wp-content/uploads/2020/07/The-Ashford-Estate.jpg]
[thomasdigital.com/wp-content/uploads/2020/07/Little-Palm-Island.jpg]
[thomasdigital.com/wp-content/uploads/2020/07/The-Umstead-Hotel-_-Spa.jpg]
[thomasdigital.com/wp-content/uploads/2020/07/Gale-Hotel.jpg]
[thomasdigital.com/wp-content/uploads/2020/07/Blackberry-Farm.jpg]
[thomasdigital.com/wp-content/uploads/2020/07/Frog_s-Leap.jpg]
[thomasdigital.com/wp-content/uploads/2020/07/Chalet-View-Lodge.jpg]
[thomasdigital.com/wp-content/uploads/2020/07/Babington-House.jpg]
[thomasdigital.com/industry/best-b2b-website.html]
[thomasdigital.com/industry/b2b-website-design.html]
[thomasdigital.com/industry/biomedical-web-design.html]
[thomasdigital.com/industry/best-biotech-websites.html]
[thomasdigital.com/industry/carpet-cleaning-websites.html]
[thomasdigital.com/industry/best-catering-websites.html]
[thomasdigital.com/industry/best-cleaning-websites.html]
[thomasdigital.com/industry/commercial-real-estate-website-design.html]
[thomasdigital.com/industry/construction-website-design.html]
[thomasdigital.com/industry/best-construction-websites.html]
[thomasdigital.com/industry/consulting-website-design.html]
[thomasdigital.com/industry/contractor-website-designs.html]
[thomasdigital.com/industry/best-cpa-websites.html]
[thomasdigital.com/industry/best-criminal-defense-websites.html]
[thomasdigital.com/industry/best-dental-website-designs.html]
[thomasdigital.com/industry/best-dermatologist-websites.html]
[thomasdigital.com/industry/best-event-websites.html]
[thomasdigital.com/industry/family-law-websites.html]
[thomasdigital.com/industry/financial-advisor-websites.html]
[thomasdigital.com/industry/financial-services-website-design.html]
[thomasdigital.com/industry/fintech-website-design.html]
[thomasdigital.com/industry/hedge-fund-websites.html]
[thomasdigital.com/industry/hvac-websites.html]
[thomasdigital.com/industry/interior-design-websites.html]
[thomasdigital.com/industry/lab-website-design.html]
[thomasdigital.com/industry/best-landscaping-websites.html]
[thomasdigital.com/industry/best-law-firm-websites.html]
[thomasdigital.com/industry/manufacturing-web-design.html]
[thomasdigital.com/industry/best-medical-web-design.html]
[thomasdigital.com/industry/moving-company-website-design.html]
[thomasdigital.com/industry/nonprofit-web-design.html]
[thomasdigital.com/industry/best-optometry-websites.html]
[thomasdigital.com/industry/painting-website-design.html]
[thomasdigital.com/industry/personal-injury-websites.html]
[thomasdigital.com/industry/plastic-surgeon-website-design.html]
[thomasdigital.com/industry/best-private-equity-websites.html]
[thomasdigital.com/industry/professional-services-websites.html]
[thomasdigital.com/industry/recruitment-web-design.html]
[thomasdigital.com/industry/restaurant-web-design.html]
[thomasdigital.com/industry/best-roofing-website-design.html]
[thomasdigital.com/industry/saas-web-design.html]
[thomasdigital.com/industry/best-small-business-website-design.html]
[thomasdigital.com/industry/technology-web-design.html]
[thomasdigital.com/industry/best-therapist-websites.html]
[thomasdigital.com/industry/venture-capital-websites.html]
[cdn.userway.org/widget.js]
[thomasdigital.com/wp-includes/js/dist/vendor/regenerator-runtime.min3937.js]
[thomasdigital.com/wp-includes/js/dist/vendor/wp-polyfill.min2c7c.js]
[thomasdigital.com/wp-includes/js/dist/dom-ready.minded6.js]
[thomasdigital.com/wp-includes/js/dist/hooks.min6c65.js]
[thomasdigital.com/wp-includes/js/dist/i18n.mine57b.js]
[thomasdigital.com/wp-includes/js/dist/a11y.min65c7.js]
[thomasdigital.com/industry/hospitality-website-design.html]
[www.googletagmanager.com/gtm5445.html]
[thomasdigital.com/wp-content/themes/TD_3.0/images/icons/check_li.png]
[thomasdigital.com/wp-content/cache/autoptimize/css/autoptimize_9679041754ef554f127cdd4d4c88c997.css]
[thomasdigital.com/wp-content/cache/autoptimize/js/autoptimize_ed771f2374a3c163a1649cecd1fe8023.js]
[thomasdigital.com/wp-content/uploads/2021/04/1.jpg]
[thomasdigital.com/wp-content/uploads/2021/03/screenshot-getbento.com-2021.03.16-21_44_07.jpg]
[thomasdigital.com/wp-content/uploads/2021/03/screenshot-proofdrinks.com-2021.03.16-21_53_04.jpg]
[thomasdigital.com/wp-content/uploads/2021/03/screenshot-rocka.co-2021.03.16-21_56_39.jpg]
[thomasdigital.com/wp-content/uploads/2021/03/screenshot-pixelgrade.com-2021.03.16-21-01_08_36.jpg]
[thomasdigital.com/wp-content/uploads/2021/04/claravine_b2b_website.jpg]
[thomasdigital.com/wp-content/uploads/2021/03/screenshot-www.twentysixdigital.com-2021.03.16-01_24_33.jpg]
[thomasdigital.com/wp-content/uploads/2021/04/olumo.jpg]
[thomasdigital.com/wp-content/uploads/2021/03/screenshot-mailchimp.com-2021.03.16-01_13_10.jpg]
[thomasdigital.com/wp-content/uploads/2021/03/screenshot-trello.com-2021.03.16-01_17_29.jpg]
[thomasdigital.com/wp-content/uploads/2021/03/screenshot-www.exstratus.com-2021.03.17-01_47_03.jpg]
[thomasdigital.com/wp-content/uploads/2021/03/screenshot-www.salesforce.com-2021.03.16-01_20_55.jpg]
[thomasdigital.com/wp-content/uploads/2021/04/mondaycom.jpg]
[thomasdigital.com/wp-content/uploads/2021/03/screenshot-www.saturncloud.io-2021.03.17-01_43_32.jpg]
[thomasdigital.com/wp-content/uploads/2021/03/screenshot-techd.com-2021.03.17-02_00_02.jpg]
[thomasdigital.com/wp-content/uploads/2021/03/screenshot-goenvoy.co-2021.03.17-01_52_12.jpg]
[thomasdigital.com/wp-content/uploads/2022/06/Datatron.jpg]
[thomasdigital.com/wp-content/uploads/2021/03/screenshot-shepper.com-2021.03.16-01_35_07.jpg]
[thomasdigital.com/wp-content/uploads/2021/03/screenshot-kanbanize.com-2021.03.16-01_29_27.jpg]
[thomasdigital.com/wp-content/uploads/2021/03/screenshot-www.sysdoc.com-2021.03.16-01_10_52.jpg]
[thomasdigital.com/wp-content/uploads/2021/04/Asana_website.jpg]
[thomasdigital.com/wp-content/uploads/2021/04/Dropbox_website.jpg]
[thomasdigital.com/wp-content/uploads/2021/04/vidyard.jpg]
[thomasdigital.com/wp-content/uploads/2021/04/yapstone.com_.jpg]
[thomasdigital.com/wp-content/uploads/2021/03/screenshot-evernote.com-2021.03.16-01_14_07.jpg]
[thomasdigital.com/wp-content/uploads/2021/03/screenshot-www.weblounge.be-2021.03.16-01_23_07.jpg]
[thomasdigital.com/wp-content/uploads/2021/03/screenshot-www.grammarly.com-2021.03.16-01_42_08.jpg]
[thomasdigital.com/wp-content/uploads/2021/04/thisisthebrigade.com_.jpg]
[thomasdigital.com/wp-content/uploads/2021/04/helpscout_website.jpg]
[thomasdigital.com/wp-content/uploads/2021/03/screenshot-monitoring.reputationsquad.com-2021.03.16-01_32_43.jpg]
[thomasdigital.com/wp-content/uploads/2021/03/screenshot-packwire.com-2021.03.16-01_28_08.jpg]
[thomasdigital.com/wp-content/uploads/2021/03/screenshot-howamigoing.com-2021.03.16-01_33_50.jpg]
[thomasdigital.com/wp-content/uploads/2021/03/screenshot-operationsinc.com-2021.03.17-01_56_53.jpg]
[thomasdigital.com/wp-content/uploads/2021/03/screenshot-leadersuccess.com-2021.03.17-01_47_57.jpg]
[thomasdigital.com/wp-content/uploads/2021/04/hubspot_website.jpg]
[thomasdigital.com/wp-content/uploads/2021/04/riviera-capital-website.jpg]
[thomasdigital.com/wp-content/uploads/2021/04/carbonmade_website.jpg]
[thomasdigital.com/wp-content/uploads/2021/04/slackwebsite.jpg]
[thomasdigital.com/wp-content/uploads/2021/04/Zenefits-website.jpg]
[thomasdigital.com/wp-content/uploads/2021/03/screenshot-pro.iconosquare.com-2021.03.16-01_26_07.jpg]
[thomasdigital.com/wp-content/uploads/2021/03/screenshot-besuasive.com-2021.03.17-01_53_23.jpg]
[thomasdigital.com/industry/best-b2b-website.html]
[thomasdigital.com/wp-content/uploads/2021/04/2.jpg]
[thomasdigital.com/wp-content/uploads/2019/12/b2b.jpg]
[thomasdigital.com/wp-content/uploads/2019/12/best-practices.jpg]
[thomasdigital.com/wp-content/uploads/2019/12/apple.gif]
[thomasdigital.com/wp-content/uploads/2019/12/stripe.gif]
[thomasdigital.com/wp-content/uploads/2019/12/gv.gif]
[thomasdigital.com/wp-content/uploads/2019/12/box.gif]
[thomasdigital.com/wp-content/uploads/2019/12/airbnb.gif]
[thomasdigital.com/wp-content/uploads/2019/12/uber.gif]
[thomasdigital.com/wp-content/uploads/2019/12/hubspot.gif]
[thomasdigital.com/wp-content/uploads/2019/12/slack.gif]
[thomasdigital.com/wp-content/uploads/2019/12/lead-generation.jpg]
[thomasdigital.com/wp-content/uploads/2019/12/guide-download.jpg]
[thomasdigital.com/wp-content/uploads/2019/12/digital-marketing.jpg]
[thomasdigital.com/wp-content/uploads/2019/12/google-thomasdigital.jpg]
[thomasdigital.com/wp-content/uploads/2019/12/experience.jpg]
[thomasdigital.com/wp-content/uploads/2019/12/backend.jpg]
[thomasdigital.com/wp-content/uploads/2019/12/content-tips.jpg]
[thomasdigital.com/wp-content/uploads/2019/12/what-we-do-about-us.jpg]
[thomasdigital.com/wp-content/uploads/2019/12/cta.jpg]
[thomasdigital.com/wp-content/uploads/2019/12/buisiness-thinking.jpg]
[thomasdigital.com/industry/b2b-website-design.html]
[thomasdigital.com/wp-content/uploads/2021/04/3.jpg]
[thomasdigital.com/industry/biomedical-web-design.html]
[thomasdigital.com/wp-content/uploads/2021/08/Group-13-scaled.jpg]
[thomasdigital.com/wp-content/uploads/2021/08/Enveda.jpg]
[thomasdigital.com/wp-content/uploads/2021/08/Strateos.jpg]
[thomasdigital.com/wp-content/uploads/2021/08/Mindcure.jpg]
[thomasdigital.com/wp-content/uploads/2021/08/Qureator.jpg]
[thomasdigital.com/wp-content/uploads/2021/08/Biovectra.jpg]
[thomasdigital.com/wp-content/uploads/2021/08/Xytex.jpg]
[thomasdigital.com/wp-content/uploads/2021/08/theLAB-Berkeley.jpg]
[thomasdigital.com/wp-content/uploads/2021/08/Inventia.jpg]
[thomasdigital.com/wp-content/uploads/2021/08/Single-Cell-Technology.jpg]
[thomasdigital.com/wp-content/uploads/2021/08/Aanika.jpg]
[thomasdigital.com/wp-content/uploads/2021/08/Bionic.jpg]
[thomasdigital.com/wp-content/uploads/2021/08/Ambys-Medicines.jpg]
[thomasdigital.com/wp-content/uploads/2021/08/Radix.jpg]
[thomasdigital.com/wp-content/uploads/2021/08/Cerveau-Technologies.jpg]
[thomasdigital.com/wp-content/uploads/2021/08/Catalys-Pacific.jpg]
[thomasdigital.com/wp-content/uploads/2021/08/KCR.jpg]
[thomasdigital.com/wp-content/uploads/2021/08/Epygenix.jpg]
[thomasdigital.com/wp-content/uploads/2021/08/Healthx.jpg]
[thomasdigital.com/wp-content/uploads/2021/08/Ekso-Bionics.jpg]
[thomasdigital.com/wp-content/uploads/2021/08/Arbitrage-Technologies.jpg]
[thomasdigital.com/wp-content/uploads/2021/08/SantorioFoundation_Website.jpg]
[thomasdigital.com/wp-content/uploads/2021/08/Celltreat.jpg]
[thomasdigital.com/wp-content/uploads/2021/08/Cone-Bioproducts.jpg]
[thomasdigital.com/wp-content/uploads/2021/08/Merck.jpg]
[thomasdigital.com/wp-content/uploads/2021/08/SproutAI_Biotech_Website.jpg]
[thomasdigital.com/wp-content/uploads/2021/08/Wyss-Center.jpg]
[thomasdigital.com/wp-content/uploads/2021/08/Vibrants.jpg]
[thomasdigital.com/wp-content/uploads/2021/08/Element.jpg]
[thomasdigital.com/wp-content/uploads/2021/08/CyberMDX_website.jpg]
[thomasdigital.com/wp-content/uploads/2021/08/Akouos.jpg]
[thomasdigital.com/wp-content/uploads/2021/08/ClicHealth.jpg]
[thomasdigital.com/wp-content/uploads/2021/08/LuminUltra.jpg]
[thomasdigital.com/wp-content/uploads/2021/08/Nectow-Lab.jpg]
[thomasdigital.com/wp-content/uploads/2021/08/Oura.jpg]
[thomasdigital.com/wp-content/uploads/2021/08/Intomics.jpg]
[thomasdigital.com/wp-content/uploads/2021/08/LENS-by-Science.jpg]
[thomasdigital.com/wp-content/uploads/2021/08/Poseida-Therapeutics.jpg]
[thomasdigital.com/wp-content/uploads/2021/08/Wyss-Institute.jpg]
[thomasdigital.com/wp-content/uploads/2021/08/BioMarin.jpg]
[thomasdigital.com/wp-content/uploads/2021/08/Lammel-Laboratory.jpg]
[thomasdigital.com/industry/best-biotech-websites.html]
[thomasdigital.com/wp-content/uploads/2021/12/banner-1.png]
[thomasdigital.com/wp-content/uploads/2021/12/Good-Clean.png]
[thomasdigital.com/wp-content/uploads/2021/12/Ecodry.jpg]
[thomasdigital.com/wp-content/uploads/2021/12/SteamPro-1.png]
[thomasdigital.com/wp-content/uploads/2021/12/All-Green-1.png]
[thomasdigital.com/wp-content/uploads/2021/12/TM-Q-Certified-1.png]
[thomasdigital.com/wp-content/uploads/2021/12/Clean-Carpet-Rx-1.png]
[thomasdigital.com/wp-content/uploads/2021/12/San-Francisco-Eco-Green-Cleaners-1.png]
[thomasdigital.com/wp-content/uploads/2021/12/RugDoctor2022.jpg]
[thomasdigital.com/wp-content/uploads/2021/12/Cleanerific-1.png]
[thomasdigital.com/wp-content/uploads/2021/12/JD-Dixon-1.png]
[thomasdigital.com/wp-content/uploads/2021/12/Bio-Clean.png]
[thomasdigital.com/wp-content/uploads/2021/12/HealthyCarpets.jpg]
[thomasdigital.com/wp-content/uploads/2021/12/Xtreme-Cleaning.png]
[thomasdigital.com/wp-content/uploads/2021/12/Berry-Clean-1.png]
[thomasdigital.com/wp-content/uploads/2021/12/We-Clean-Carpet-1.png]
[thomasdigital.com/wp-content/uploads/2021/12/Excellent_2022.jpg]
[thomasdigital.com/wp-content/uploads/2021/12/TPI-Cleaning-Services.png]
[thomasdigital.com/wp-content/uploads/2021/12/Affordable-Joes.png]
[thomasdigital.com/wp-content/uploads/2021/12/AAA-Steam-Carpet-Cleaning.png]
[thomasdigital.com/wp-content/uploads/2021/12/Rug-Doctor-New-Zealand.png]
[thomasdigital.com/wp-content/uploads/2021/12/GreenClean.png]
[thomasdigital.com/wp-content/uploads/2021/12/Aroma-Services.png]
[thomasdigital.com/wp-content/uploads/2021/12/Men-in-White.png]
[thomasdigital.com/wp-content/uploads/2021/12/Andersens2022.jpg]
[thomasdigital.com/wp-content/uploads/2021/12/Inter-nett.png]
[thomasdigital.com/wp-content/uploads/2021/12/MyHome.png]
[thomasdigital.com/wp-content/uploads/2021/12/Logan-Carpet-Cleaning.png]
[thomasdigital.com/wp-content/uploads/2021/12/Anytime-Carpet-Cleaning.png]
[thomasdigital.com/wp-content/uploads/2021/12/Babayans.png]
[thomasdigital.com/wp-content/uploads/2021/12/Wizard-Carpet-Cleaning.png]
[thomasdigital.com/wp-content/uploads/2021/12/Carpet-Cleaning-NYC.png]
[thomasdigital.com/wp-content/uploads/2021/12/Elite-Carpet-Dry-Cleaning.png]
[thomasdigital.com/wp-content/uploads/2021/12/Love-Your-Rug.png]
[thomasdigital.com/wp-content/uploads/2021/12/Carpet-Cleaners.png]
[thomasdigital.com/wp-content/uploads/2021/12/LaFrance-Cleaning-Solutions.png]
[thomasdigital.com/wp-content/uploads/2021/12/Electrodry-Carpet-Dry-Cleaning.png]
[thomasdigital.com/wp-content/uploads/2021/12/NJ-Carpet-Steamers.png]
[thomasdigital.com/wp-content/uploads/2021/12/Nice-Threads-Carpet-Cleaning.png]
[thomasdigital.com/wp-content/uploads/2021/12/ChemDry-Florida.png]
[thomasdigital.com/wp-content/uploads/2021/12/Bayshore-Carpet-Upholstery-Cleaning.png]
[thomasdigital.com/industry/carpet-cleaning-websites.html]
[thomasdigital.com/wp-content/uploads/2021/09/BestCatering_Banner.png]
[thomasdigital.com/wp-content/uploads/2021/09/Ridgewells-Catering-1.jpg]
[thomasdigital.com/wp-content/uploads/2021/09/The-Catered-Affair.jpg]
[thomasdigital.com/wp-content/uploads/2021/09/Global-Gourmet.jpg]
[thomasdigital.com/wp-content/uploads/2021/09/Joy-Wallance.html]
[thomasdigital.com/industry/best-catering-websites.html]
[thomasdigital.com/industry/best-cleaning-websites.html]
[thomasdigital.com/industry/commercial-real-estate-website-design.html]
[thomasdigital.com/industry/construction-website-design.html]
[thomasdigital.com/industry/best-construction-websites.html]
[thomasdigital.com/industry/consulting-website-design.html]
[thomasdigital.com/industry/contractor-website-designs.html]
[thomasdigital.com/industry/best-cpa-websites.html]
[thomasdigital.com/industry/best-criminal-defense-websites.html]
[thomasdigital.com/industry/best-dental-website-designs.html]
[thomasdigital.com/industry/best-dermatologist-websites.html]
[thomasdigital.com/industry/best-event-websites.html]
[thomasdigital.com/industry/family-law-websites.html]
[thomasdigital.com/industry/financial-advisor-websites.html]
[thomasdigital.com/industry/financial-services-website-design.html]
